=~=~=~=~=~=~=~=~=~=~=~= PuTTY log 2020.09.30 17:30:36 =~=~=~=~=~=~=~=~=~=~=~=
login as: jasochen
Pre-authentication banner message from server:
| Access to Brooklyn College computers is restricted to authorized users
|         and approved educational and research purposes, only.
End of banner message from server
jasochen@'s password: 

]0;jasochen@sol30:~[?1034h[jasochen@sol30 ~]$ ls
[0m[01;34mCS3140[0m  [01;34mexample[0m  [01;34mLinuxTest[0m
]0;jasochen@sol30:~[jasochen@sol30 ~]$ git clone https://github.com/jchenedu/Repo1
Cloning into 'Repo1'...
warning: You appear to have cloned an empty repository.
]0;jasochen@sol30:~[jasochen@sol30 ~]$ ls
[0m[01;34mCS3140[0m  [01;34mexample[0m  [01;34mLinuxTest[0m  [01;34mRepo1[0m
]0;jasochen@sol30:~[jasochen@sol30 ~]$ cd Repo1
]0;jasochen@sol30:~/Repo1[jasochen@sol30 Repo1]$ touch HelloWorld.Java[K[K[K[Kjava
]0;jasochen@sol30:~/Repo1[jasochen@sol30 Repo1]$ vi HelloWorld.ava[K[K[Kjava
[?1049h[?1h=[2;1H▽[6n[2;1H  [1;1H]11;?[1;24r[?12;25h[?12l[?25h[27m[m[H[2J[?25l[24;1H"HelloWorld.java" 0L, 0C[>c[2;1H[1m[34m~                                                                               [3;1H~                                                                               [4;1H~                                                                               [5;1H~                                                                               [6;1H~                                                                               [7;1H~                                                                               [8;1H~                                                                               [9;1H~                                                                               [10;1H~                                                                               [11;1H~                                                                               [12;1H~                                                                               [13;1H~                                                                               [14;1H~                                                                               [15;1H~                                                                               [16;1H~                                                                               [17;1H~                                                                               [18;1H~                                                                               [19;1H~                                                                               [20;1H~                                                                               [21;1H~                                                                               [22;1H~                                                                               [23;1H~                                                                               [m[24;63H0,0-1[9CAll[1;1H[?12l[?25h[?25l[2;1H[K[24;63H2[2;1H[?12l[?25h[?25l[24;1H2 fewer lines; before #1  0 seconds ago[24;63H[K[2;1H[1m[34m~                                                                               [m[24;63H0,0-1[9CAll[1;1H[?12l[?25h[?25l[24;1H[1m-- INSERT --[m[24;13H[K[24;63H0,1[11CAll[1;1Hc[32m class[m HelloWorld {[2;1H[K[3;1H        [32mpublic[m [32mstatic[m [32mvoid[m main(String[] args) {[3;49H[K[4;1H[K[5;1H                System.out.println([31m"Hello World!"[m);[5;52H[K[6;1H                [6;17H[K[7;1H        }[7;10H[K[8;1H[K[9;1H}[9;2H[K[1;20H[46m{[9;1H}[m[24;63H9,2[9;2H[?12l[?25h[?25l[1;20H{[9;1H}[24;63H8,1[8;1H[?12l[?25h[?25l[24;63H7[7;1H[?12l[?25h[?25l[24;63H6[6;1H[?12l[?25h[?25l[24;63H5[5;1H[?12l[?25h[?25l[24;63H4[4;1H[?12l[?25h[?25l[24;63H3[3;1H[?12l[?25h[?25l[24;63H2[2;1H[?12l[?25h[?25l[24;63H1,2[1;2H[?12l[?25h[?25l[24;65H1[1;1H[?12l[?25h[?25lpc[32m class[m HelloWorld {[24;65H2[1;2H[?12l[?25h[?25luc[32m class[m HelloWorld {[24;65H3[1;3H[?12l[?25h[?25lbc[32m class[m HelloWorld {[24;65H4[1;4H[?12l[?25h[?25llc[32m class[m HelloWorld {[24;65H5[1;5H[?12l[?25h[?25luc[32m class[m HelloWorld {[24;65H6[1;6H[?12l[?25h[?25lcc[32m class[m HelloWorld {[24;65H7[1;7H[?12l[?25h[?25l[32m clas[m[1C HelloWorld {[1;26H[K[24;65H6[1;6H[?12l[?25h[?25lc[32m clas[m[1C HelloWorld {[1;25H[K[24;65H5[1;5H[?12l[?25h[?25l[32mpublic[m [32mclass[m HelloWorld {[24;65H6[1;6H[?12l[?25h[?25lpublicc[32m class[m HelloWorld {[24;65H7[1;7H[?12l[?25h[?25l[24;65H8[1;8H[?12l[?25h[?25l[32mpublic[m [32mclas[m[1C HelloWorld {[1;26H[K[24;65H7[1;7H[?12l[?25h[24;1H[K[1;6H[?25l[24;63H1,6[11CAll[1;6H[?12l[?25h[?25l[24;63H[K[24;1H:[?12l[?25hx[?25l[?12l[?25h[?25l"HelloWorld.java" 9L, 117C written
[?1l>[?12l[?25h[?1049l]0;jasochen@sol30:~/Repo1[jasochen@sol30 Repo1]$ ls
HelloWorld.java
]0;jasochen@sol30:~/Repo1[jasochen@sol30 Repo1]$ git add HelloWorld.java
]0;jasochen@sol30:~/Repo1[jasochen@sol30 Repo1]$ git status[K[K[K[K[K[Kcommit -m,[K "Adding HelloWorld file"
[master (root-commit) e90da2a] Adding HelloWorld file
 1 file changed, 9 insertions(+)
 create mode 100644 HelloWorld.java
]0;jasochen@sol30:~/Repo1[jasochen@sol30 Repo1]$ git push
warning: push.default is unset; its implicit value is changing in
Git 2.0 from 'matching' to 'simple'. To squelch this message
and maintain the current behavior after the default changes, use:

  git config --global push.default matching

To squelch this message and adopt the new behavior now, use:

  git config --global push.default simple

See 'git help config' and search for 'push.default' for further information.
(the 'simple' mode was introduced in Git 1.7.11. Use the similar mode
'current' instead of 'simple' if you sometimes use older versions of Git)

No refs in common and none specified; doing nothing.
Perhaps you should specify a branch such as 'master'.
Everything up-to-date
]0;jasochen@sol30:~/Repo1[jasochen@sol30 Repo1]$ git status
# On branch master
nothing to commit, working directory clean
]0;jasochen@sol30:~/Repo1[jasochen@sol30 Repo1]$ git add HelloWorld.java
]0;jasochen@sol30:~/Repo1[jasochen@sol30 Repo1]$ git status
# On branch master
nothing to commit, working directory clean
]0;jasochen@sol30:~/Repo1[jasochen@sol30 Repo1]$ G[Kgit commit -m "Adding HelloWorld file"
# On branch master
nothing to commit, working directory clean
]0;jasochen@sol30:~/Repo1[jasochen@sol30 Repo1]$ git push -u origin master
Counting objects: 3, done.
Delta compression using up to 8 threads.
Compressing objects:  50% (1/2)   Compressing objects: 100% (2/2)   Compressing objects: 100% (2/2), done.
Writing objects:  33% (1/3)   Writing objects:  66% (2/3)   Writing objects: 100% (3/3)   Writing objects: 100% (3/3), 327 bytes | 0 bytes/s, done.
Total 3 (delta 0), reused 0 (delta 0)
To https://github.com/jchenedu/Repo1
 * [new branch]      master -> master
Branch master set up to track remote branch master from origin.
]0;jasochen@sol30:~/Repo1[jasochen@sol30 Repo1]$ ls
HelloWorld.java
]0;jasochen@sol30:~/Repo1[jasochen@sol30 Repo1]$ vi HelloWorld.java
[?1049h[?1h=[2;1H▽[6n[2;1H  [1;1H]11;?[1;24r[?12;25h[?12l[?25h[27m[m[H[2J[?25l[24;1H"HelloWorld.java" 9L, 117C[>c[1;1H[32mpublic[m [32mclass[m HelloWorld {[3;9H[32mpublic[m [32mstatic[m [32mvoid[m main(String[] args) {[5;17HSystem.out.println([31m"Hello World!"[m);[7;9H}

}
[1m[34m~                                                                               [11;1H~                                                                               [12;1H~                                                                               [13;1H~                                                                               [14;1H~                                                                               [15;1H~                                                                               [16;1H~                                                                               [17;1H~                                                                               [18;1H~                                                                               [19;1H~                                                                               [20;1H~                                                                               [21;1H~                                                                               [22;1H~                                                                               [23;1H~                                                                               [m[24;63H1,1[11CAll[1;1H[?12l[?25h[?25l[24;63H2,0-1[2;1H[?12l[?25h[?25l[24;63H3,1-8[3;8H[?12l[?25h[?25l[24;63H4,0-1[4;1H[?12l[?25h[?25l[24;63H5,1-8[5;8H[?12l[?25h[?25l[24;63H6[6;8H[?12l[?25h[?25l[24;65H2-16[6;16H[?12l[?25h[?25l[24;1H[1m-- INSERT --[m[24;13H[K[24;63H6,1[11CAll[6;1Hystem.out.println(java.time.LocalDate.now());[24;65H46[6;46H[?12l[?25h[?25l[6;45H[K[6;18H[46m([25C)[m[24;66H5[6;45H[?12l[?25h[?25l[6;44H[K[6;18H([23C[46m()[m[24;66H4[6;44H[?12l[?25h[?25l[6;43H[K[6;42H([24;66H3[6;43H[?12l[?25h[?25l[6;42H[K[24;66H2[6;42H[?12l[?25h[?25l[6;41H[K[24;66H1[6;41H[?12l[?25h[?25l[6;40H[K[24;66H0[6;40H[?12l[?25h[?25l[6;39H[K[24;65H39[6;39H[?12l[?25h[?25l[6;38H[K[24;66H8[6;38H[?12l[?25h[?25l[6;37H[K[24;66H7[6;37H[?12l[?25h[?25l[6;36H[K[24;66H6[6;36H[?12l[?25h[?25l[6;35H[K[24;66H5[6;35H[?12l[?25h[?25l[6;34H[K[24;66H4[6;34H[?12l[?25h[?25l[6;33H[K[24;66H3[6;33H[?12l[?25h[?25l[6;32H[K[24;66H2[6;32H[?12l[?25h[?25l[6;31H[K[24;66H1[6;31H[?12l[?25h[?25l[6;30H[K[24;66H0[6;30H[?12l[?25h[?25l[6;29H[K[24;65H29[6;29H[?12l[?25h[?25l[6;28H[K[24;66H8[6;28H[?12l[?25h[?25l[6;27H[K[24;66H7[6;27H[?12l[?25h[?25l[6;26H[K[24;66H6[6;26H[?12l[?25h[?25l[6;25H[K[24;66H5[6;25H[?12l[?25h[?25l[6;24H[K[24;66H4[6;24H[?12l[?25h[?25l[6;23H[K[24;66H3[6;23H[?12l[?25h[?25l[6;22H[K[24;66H2[6;22H[?12l[?25h[?25l[6;21H[K[24;66H1[6;21H[?12l[?25h[?25l[6;20H[K[24;66H0[6;20H[?12l[?25h[?25l[6;19H[K[24;65H19[6;19H[?12l[?25h[?25l[6;18H[K[24;66H8[6;18H[?12l[?25h[?25l[6;17H[K[24;66H7[6;17H[?12l[?25h[?25l[6;16H[K[24;66H6[6;16H[?12l[?25h[?25l[6;15H[K[24;66H5[6;15H[?12l[?25h[?25l[6;14H[K[24;66H4[6;14H[?12l[?25h[?25l[6;13H[K[24;66H3[6;13H[?12l[?25h[?25l[6;12H[K[24;66H2[6;12H[?12l[?25h[?25l[6;11H[K[24;66H1[6;11H[?12l[?25h[?25l[6;10H[K[24;66H0[6;10H[?12l[?25h[?25l[6;6H[K[24;65H6 [6;6H[?12l[?25h[?25l[6;5H[K[24;65H5[6;5H[?12l[?25h[?25l[6;4H[K[24;65H4[6;4H[?12l[?25h[?25l[6;3H[K[24;65H3[6;3H[?12l[?25h[?25l[6;2H[K[24;65H2[6;2H[?12l[?25h[?25l[6;1H[K[24;65H1[6;1H[?12l[?25h[?25l[5;23r[23;1H
[1;24r[5;17HSystem.out.println([31m"Hello World!"[m);[23;1H[1m[34m~                                                                               [m[24;63H[K[24;63H5,38-52[7CAll[5;52H[?12l[?25h[?25l[6;23r[6;1H[L[1;24r[24;63H[K[24;63H6,1[11CAll[6;1H[?12l[?25h[?25l[24;65H2-9[6;9H[?12l[?25h[?25l[24;65H3-17[6;17H[?12l[?25h[?25lS[24;65H4-18[6;18H[?12l[?25h[?25ly[24;65H5-19[6;19H[?12l[?25h[?25ls[24;65H6-20[6;20H[?12l[?25h[?25lt[24;65H7-21[6;21H[?12l[?25h[?25le[24;65H8-22[6;22H[?12l[?25h[?25lm[24;65H9-23[6;23H[?12l[?25h[?25l[6;19H[K[24;65H5-19[6;19H[?12l[?25h[?25lSystem.out.println(java.time.LocalDate.now());[24;66H1-65[6;65H[?12l[?25h[?25l[6;37H[46m([25C)[m[24;66H0-64[6;64H[?12l[?25h[?25l[24;65H49-63[6;63H[?12l[?25h[?25l[6;37H([23C[46m()[m)[24;66H8-62[6;62H[?12l[?25h[?25l[24;66H7-61[6;61H[?12l[?25h[?25l()[24;66H6-60[6;60H[?12l[?25h[?25l[24;66H5-59[6;59H[?12l[?25h[?25l[24;66H4-58[6;58H[?12l[?25h[?25l[24;66H3-57[6;57H[?12l[?25h[?25l[24;66H2-56[6;56H[?12l[?25h[?25l[24;66H1-55[6;55H[?12l[?25h[?25l[24;66H0-54[6;54H[?12l[?25h[?25l[24;65H39-53[6;53H[?12l[?25h[?25l[24;66H8-52[6;52H[?12l[?25h[?25l[24;66H7-51[6;51H[?12l[?25h[?25l[24;66H6-50[6;50H[?12l[?25h[?25l[24;66H5-49[6;49H[?12l[?25h[?25l[24;66H4-48[6;48H[?12l[?25h[?25l[24;66H3-47[6;47H[?12l[?25h[?25l[24;66H2-46[6;46H[?12l[?25h[?25l[24;66H1-45[6;45H[?12l[?25h[?25l[24;66H0-44[6;44H[?12l[?25h[?25l[24;65H29-43[6;43H[?12l[?25h[?25l[24;66H8-42[6;42H[?12l[?25h[?25l[24;66H7-41[6;41H[?12l[?25h[?25l[24;66H6-40[6;40H[?12l[?25h[?25l[24;66H5-39[6;39H[?12l[?25h[?25l[46m([25C)[m[24;66H4-38[6;38H[?12l[?25h[?25l[24;66H3-37[6;37H[?12l[?25h[?25l([25C)[24;66H2-36[6;36H[?12l[?25h[?25l[24;66H1-35[6;35H[?12l[?25h[?25l[24;66H0-34[6;34H[?12l[?25h[?25l[24;65H19-33[6;33H[?12l[?25h[?25l[24;66H8-32[6;32H[?12l[?25h[?25l[24;66H7-31[6;31H[?12l[?25h[?25l[24;66H6-30[6;30H[?12l[?25h[?25l[24;66H5-29[6;29H[?12l[?25h[?25l[24;66H4-28[6;28H[?12l[?25h[?25l[24;66H3-27[6;27H[?12l[?25h[?25l[24;66H2-26[6;26H[?12l[?25h[?25l[24;66H1-25[6;25H[?12l[?25h[?25l[24;66H0-24[6;24H[?12l[?25h[?25l[24;65H9-23 [6;23H[?12l[?25h[?25l[24;65H8-22[6;22H[?12l[?25h[?25l[24;65H7-21[6;21H[?12l[?25h[?25l[24;65H6-20[6;20H[?12l[?25h[?25l[24;65H5-19[6;19H[?12l[?25h[?25lSystem.out.println(java.time.LocalDate.now());[6;64H[K[24;65H4-18[6;18H[?12l[?25h[?25lystem.out.println(java.time.LocalDate.now());[6;63H[K[24;65H3-17[6;17H[?12l[?25h[?25l[24;1H[K[24;1H"help.txt" [readonly] 221L, 8249C[1;1H[31mhelp.txt[m        For [36mVim version 7.4.[m  Last change: 2012 Dec 06[3;9H                VIM - main help file[3;45H[K[4;74Hk[5;7HMove around:  Use the cursor keys, or "h" to go left,[12Ch   l[6;17H    "j" to go down, "k" to go up, "l" to go right.[7Cj
Close this window:  Use ":q[35m<Enter>[m".
   Get out of Vim:  Use ":qa![35m<Enter>[m" (careful, all changes are lost!).[9;1H[K[10;1HJump to a subject:  Position the cursor on a tag (e.g. [36mbars[m) and hit [35mCTRL-][m.[10;77H[K[11;1H   With the mouse:  ":set mouse=a" to enable the mouse (in xterm or GUI).[11;74H[K[12;1H                    Double-click the left mouse button on a tag, e.g. [36mbars[m.[12;76H[K[13;1H        Jump back:  Type [35mCTRL-T[m or [35mCTRL-O[m (repeat to go further back).[13;71H[K[14;1H[K[15;1HGet specific help:  It is possible to go directly to whatever you want help[15;76H[K[16;1H                    on, by giving an argument to the [36m:help[m command.[16;68H[K[17;1H                    It is possible to further specify the context:[17;67H[K[18;1H                                                        [31mhelp-context[m[18;69H[K[19;1H                          [35mWHAT                  PREPEND    EXAMPLE[m[19;67H[K[20;1H                      Normal mode command      (nothing)   :help x[20;67H[K[21;1H[1m[7mhelp.txt [Help][RO]                                           1,1            Top[m[22;1H[K[23;1H[7mHelloWorld.java [+]                                           6,2-16         37%[1;1H[?12l[?25h[1;1H[?25l[m[24;1H[K[24;1H:[?12l[?25hq[?25l[?12l[?25h[?25l[27m[m[H[2J[1;1H[32mpublic[m [32mclass[m HelloWorld {[3;9H[32mpublic[m [32mstatic[m [32mvoid[m main(String[] args) {[5;17HSystem.out.println([31m"Hello World!"[m);[6;17HSystem.out.println(java.time.LocalDate.now());[7;9H}

}
[1m[34m~                                                                               [11;1H~                                                                               [12;1H~                                                                               [13;1H~                                                                               [14;1H~                                                                               [15;1H~                                                                               [16;1H~                                                                               [17;1H~                                                                               [18;1H~                                                                               [19;1H~                                                                               [20;1H~                                                                               [21;1H~                                                                               [22;1H~                                                                               [23;1H~                                                                               [m[24;63H6,2-16[8CAll[6;16H[?12l[?25h[?25l[24;63H[K[24;1H:[?12l[?25hx[?25l[?12l[?25h[?25l"HelloWorld.java" 9L, 163C written
[?1l>[?12l[?25h[?1049l]0;jasochen@sol30:~/Repo1[jasochen@sol30 Repo1]$ git add "[KHelloWorld.java
]0;jasochen@sol30:~/Repo1[jasochen@sol30 Repo1]$ git comit[K[K[K[K[Kcomit -[K[K[K[K[Kmmit -m "Adding a line to print the date to HelloW orld"[A[C[C[C[C[C[C[C[C[C[C[C[C[C[C[C[C[C[C[C[C[C[C[C[33Padd HelloWorld.java
[K[A[C[C[C[C[C[C[C[C[C[C[C[C[C[C[C[C[C[C[C[C[C[C[C[C[C[C[C[C[C[C[C[C[C[C[C[C[C[C[C[C[C[C[C[C[C[C[Ccommit -m "Adding a line to print the date to HelloWoorld"[A[C[C[C[C[C[C[C[C[C[C[C[C[C[C[C[C[C[C[C[C[C[C[C[C[C[C[C[C[C[C[C[C[C[C[C[C[C[C[C[C[C[C[C[C[C[C[C[C[C[C[C[C[C[C[C[C[C[C[C[C[C[C[C[C[C[C[C[C[C[C[C[C[C[C[C[C[C[C[C[C a line to print the date to HelloWor[1Pld"[A[C[C[C[C[C[C[C[C[C[C[C[C[C[C[C[C[C[C[C[C[C[C[C[C[C[C[C[C[C[C[C[C[C[C[C[C[C[C[C[C a line to print the date to HelloWorl[1Pd"[A[C[C[C[C[C[C[C[C[C[C[C[C[C[C[C[C[C[C[C[C[C[C[C[C[C[C[C[C[C[C[C[C[C[C[C[C[C[C[C[C a line to print the date to HelloWorld[1P"[A[C[C[C[C[C[C[C[C[C[C[C[C[C[C[C[C[C[C[C[C[C[C[C[C[C[C[C[C[C[C[C[C[C[C[C[C[C[C[C[Ce a line to print the date to HelloWorld"[A[C[C[C[C[C[C[C[C[C[C[C[C[C[C[C[C[C[C[C[C[C[C[C[C[C[C[C[C[C[C[C[C[C[C[C[C[C[C[C[Cd a line to print the date to HelloWorld"[A[C[C[C[C[C[C[C[C[C[C[C[C[C[C[C[C[C[C[C[C[C[C[C[C[C[C[C[C[C[C[C[C[C[C[C[C[C[C[C[C

[master 2ddbf86] Added a line to print the date to HelloWorld
 1 file changed, 1 insertion(+), 1 deletion(-)
]0;jasochen@sol30:~/Repo1[jasochen@sol30 Repo1]$ git push -u origin master
Counting objects: 5, done.
Delta compression using up to 8 threads.
Compressing objects:  50% (1/2)   Compressing objects: 100% (2/2)   Compressing objects: 100% (2/2), done.
Writing objects:  33% (1/3)   Writing objects:  66% (2/3)   Writing objects: 100% (3/3)   Writing objects: 100% (3/3), 352 bytes | 0 bytes/s, done.
Total 3 (delta 1), reused 0 (delta 0)
remote: Resolving deltas:   0% (0/1)[Kremote: Resolving deltas: 100% (1/1)[Kremote: Resolving deltas: 100% (1/1), completed with 1 local object.[K
To https://github.com/jchenedu/Repo1
   e90da2a..2ddbf86  master -> master
Branch master set up to track remote branch master from origin.
]0;jasochen@sol30:~/Repo1[jasochen@sol30 Repo1]$ git log
[?1h=commit 2ddbf864b85e4eab1201a2353ad3dd62bea42d27[m
Author: jchenedu <jasuchen12@gmail.com>[m
Date:   Wed Sep 30 17:41:44 2020 -0400[m
[m
    Added a line to print the date to HelloWorld[m
[m
commit e90da2ac6e336738386e78742b717a55dfa11988[m
Author: jchenedu <jasuchen12@gmail.com>[m
Date:   Wed Sep 30 17:35:01 2020 -0400[m
[m
    Adding HelloWorld file[m
[K[?1l>]0;jasochen@sol30:~/Repo1[jasochen@sol30 Repo1]$ logout
